<?php return array (
  0 => 'Symfony\\Bundle\\FrameworkBundle\\Controller\\AbstractController',
  1 => 'App\\Controller\\AdminController',
  2 => 'App\\Controller\\CategoryController',
  3 => 'App\\Controller\\CheckoutController',
  4 => 'App\\Controller\\DwellingController',
  5 => 'App\\Controller\\EditDwellingController',
  6 => 'App\\Controller\\FavoriteController',
  7 => 'App\\Controller\\HistoricalController',
  8 => 'App\\Controller\\HostController',
  9 => 'App\\Controller\\IndexController',
  10 => 'App\\Controller\\LikesCommentsController',
  11 => 'App\\Controller\\ListDwellingController',
  12 => 'App\\Controller\\LocationController',
  13 => 'App\\Controller\\MessageController',
  14 => 'App\\Controller\\PageController',
  15 => 'App\\Controller\\ProductController',
  16 => 'App\\Controller\\SearchController',
  17 => 'App\\Controller\\SecurityController',
  18 => 'App\\Controller\\SettingsController',
  19 => 'App\\Controller\\UsersController',
  20 => 'App\\Entity\\Country',
  21 => 'App\\Entity\\Dwelling',
  22 => 'App\\Entity\\DwellingMeta',
  23 => 'App\\Entity\\Functions',
  24 => 'App\\Entity\\Message',
  25 => 'App\\Entity\\PostMeta',
  26 => 'App\\Entity\\Posts',
  27 => 'App\\Entity\\Reservation',
  28 => 'App\\Entity\\ReservationMeta',
  29 => 'App\\Entity\\UserMeta',
  30 => 'App\\Entity\\Users',
  31 => 'Doctrine\\Bundle\\DoctrineBundle\\Controller\\ProfilerController',
  32 => 'Doctrine\\ORM\\Cache\\Persister\\Entity\\AbstractEntityPersister',
  33 => 'Doctrine\\ORM\\Cache\\Persister\\Entity\\CachedEntityPersister',
  34 => 'Doctrine\\ORM\\Cache\\Persister\\Entity\\NonStrictReadWriteCachedEntityPersister',
  35 => 'Doctrine\\ORM\\Cache\\Persister\\Entity\\ReadOnlyCachedEntityPersister',
  36 => 'Doctrine\\ORM\\Cache\\Persister\\Entity\\ReadWriteCachedEntityPersister',
  37 => 'Doctrine\\ORM\\Persisters\\Entity\\AbstractEntityInheritancePersister',
  38 => 'Doctrine\\ORM\\Persisters\\Entity\\BasicEntityPersister',
  39 => 'Doctrine\\ORM\\Persisters\\Entity\\CachedPersisterContext',
  40 => 'Doctrine\\ORM\\Persisters\\Entity\\EntityPersister',
  41 => 'Doctrine\\ORM\\Persisters\\Entity\\JoinedSubclassPersister',
  42 => 'Doctrine\\ORM\\Persisters\\Entity\\SingleTablePersister',
  44 => 'Symfony\\Bundle\\FrameworkBundle\\Controller\\ControllerResolver',
  45 => 'Symfony\\Bundle\\FrameworkBundle\\Controller\\RedirectController',
  46 => 'Symfony\\Bundle\\FrameworkBundle\\Controller\\TemplateController',
  47 => 'Symfony\\Component\\HttpKernel\\Controller\\ArgumentResolver',
  48 => 'Symfony\\Component\\HttpKernel\\Controller\\ArgumentResolverInterface',
  49 => 'Symfony\\Component\\HttpKernel\\Controller\\ArgumentResolver\\DefaultValueResolver',
  50 => 'Symfony\\Component\\HttpKernel\\Controller\\ArgumentResolver\\NotTaggedControllerValueResolver',
  51 => 'Symfony\\Component\\HttpKernel\\Controller\\ArgumentResolver\\RequestAttributeValueResolver',
  52 => 'Symfony\\Component\\HttpKernel\\Controller\\ArgumentResolver\\RequestValueResolver',
  53 => 'Symfony\\Component\\HttpKernel\\Controller\\ArgumentResolver\\ServiceValueResolver',
  54 => 'Symfony\\Component\\HttpKernel\\Controller\\ArgumentResolver\\SessionValueResolver',
  55 => 'Symfony\\Component\\HttpKernel\\Controller\\ArgumentResolver\\TraceableValueResolver',
  56 => 'Symfony\\Component\\HttpKernel\\Controller\\ArgumentResolver\\VariadicValueResolver',
  57 => 'Symfony\\Component\\HttpKernel\\Controller\\ArgumentValueResolverInterface',
  58 => 'Symfony\\Component\\HttpKernel\\Controller\\ContainerControllerResolver',
  59 => 'Symfony\\Component\\HttpKernel\\Controller\\ControllerReference',
  60 => 'Symfony\\Component\\HttpKernel\\Controller\\ControllerResolver',
  61 => 'Symfony\\Component\\HttpKernel\\Controller\\ControllerResolverInterface',
  62 => 'Symfony\\Component\\HttpKernel\\Controller\\ErrorController',
  63 => 'Symfony\\Component\\HttpKernel\\Controller\\TraceableArgumentResolver',
  64 => 'Symfony\\Component\\HttpKernel\\Controller\\TraceableControllerResolver',
  65 => 'Symfony\\Component\\Security\\Http\\Controller\\UserValueResolver',
);