<?php return array (
  0 => 'Symfony\\Bundle\\FrameworkBundle\\Controller\\AbstractController',
  1 => 'App\\Controller\\CategoryController',
  2 => 'App\\Controller\\CheckoutController',
  3 => 'App\\Controller\\IndexController',
  4 => 'App\\Controller\\PageController',
  5 => 'App\\Controller\\ProductController',
  6 => 'App\\Controller\\SearchController',
  7 => 'App\\Controller\\SecurityController',
  8 => 'App\\Controller\\UsersController',
  9 => 'App\\Entity\\City',
  10 => 'App\\Entity\\Country',
  11 => 'App\\Entity\\Department',
  12 => 'App\\Entity\\Dwelling',
  13 => 'App\\Entity\\DwellingMeta',
  14 => 'App\\Entity\\Functions',
  15 => 'App\\Entity\\Message',
  16 => 'App\\Entity\\PostMeta',
  17 => 'App\\Entity\\Posts',
  18 => 'App\\Entity\\Reservation',
  19 => 'App\\Entity\\ReservationMeta',
  20 => 'App\\Entity\\UserMeta',
  21 => 'App\\Entity\\Users',
  22 => 'Doctrine\\Bundle\\DoctrineBundle\\Controller\\ProfilerController',
  23 => 'Doctrine\\ORM\\Cache\\Persister\\Entity\\AbstractEntityPersister',
  24 => 'Doctrine\\ORM\\Cache\\Persister\\Entity\\CachedEntityPersister',
  25 => 'Doctrine\\ORM\\Cache\\Persister\\Entity\\NonStrictReadWriteCachedEntityPersister',
  26 => 'Doctrine\\ORM\\Cache\\Persister\\Entity\\ReadOnlyCachedEntityPersister',
  27 => 'Doctrine\\ORM\\Cache\\Persister\\Entity\\ReadWriteCachedEntityPersister',
  28 => 'Doctrine\\ORM\\Persisters\\Entity\\AbstractEntityInheritancePersister',
  29 => 'Doctrine\\ORM\\Persisters\\Entity\\BasicEntityPersister',
  30 => 'Doctrine\\ORM\\Persisters\\Entity\\CachedPersisterContext',
  31 => 'Doctrine\\ORM\\Persisters\\Entity\\EntityPersister',
  32 => 'Doctrine\\ORM\\Persisters\\Entity\\JoinedSubclassPersister',
  33 => 'Doctrine\\ORM\\Persisters\\Entity\\SingleTablePersister',
  35 => 'Symfony\\Bundle\\FrameworkBundle\\Controller\\ControllerResolver',
  36 => 'Symfony\\Bundle\\FrameworkBundle\\Controller\\RedirectController',
  37 => 'Symfony\\Bundle\\FrameworkBundle\\Controller\\TemplateController',
  38 => 'Symfony\\Component\\HttpKernel\\Controller\\ArgumentResolver',
  39 => 'Symfony\\Component\\HttpKernel\\Controller\\ArgumentResolverInterface',
  40 => 'Symfony\\Component\\HttpKernel\\Controller\\ArgumentResolver\\DefaultValueResolver',
  41 => 'Symfony\\Component\\HttpKernel\\Controller\\ArgumentResolver\\NotTaggedControllerValueResolver',
  42 => 'Symfony\\Component\\HttpKernel\\Controller\\ArgumentResolver\\RequestAttributeValueResolver',
  43 => 'Symfony\\Component\\HttpKernel\\Controller\\ArgumentResolver\\RequestValueResolver',
  44 => 'Symfony\\Component\\HttpKernel\\Controller\\ArgumentResolver\\ServiceValueResolver',
  45 => 'Symfony\\Component\\HttpKernel\\Controller\\ArgumentResolver\\SessionValueResolver',
  46 => 'Symfony\\Component\\HttpKernel\\Controller\\ArgumentResolver\\TraceableValueResolver',
  47 => 'Symfony\\Component\\HttpKernel\\Controller\\ArgumentResolver\\VariadicValueResolver',
  48 => 'Symfony\\Component\\HttpKernel\\Controller\\ArgumentValueResolverInterface',
  49 => 'Symfony\\Component\\HttpKernel\\Controller\\ContainerControllerResolver',
  50 => 'Symfony\\Component\\HttpKernel\\Controller\\ControllerReference',
  51 => 'Symfony\\Component\\HttpKernel\\Controller\\ControllerResolver',
  52 => 'Symfony\\Component\\HttpKernel\\Controller\\ControllerResolverInterface',
  53 => 'Symfony\\Component\\HttpKernel\\Controller\\ErrorController',
  54 => 'Symfony\\Component\\HttpKernel\\Controller\\TraceableArgumentResolver',
  55 => 'Symfony\\Component\\HttpKernel\\Controller\\TraceableControllerResolver',
  56 => 'Symfony\\Component\\Security\\Http\\Controller\\UserValueResolver',
);